e
hello
world
all
e = 'echo'
ea = 'echo all'
eh = 'echo hello'
ew = 'echo world'
e = 'echo'
eh = 'echo hello'
ew = 'echo world'
