/tmp
/tmp/testcd
/tmp/testcd/subdir
/tmp/testcd/subdir
/root
/tmp
