hello
world
alias e = echo
e hello
echo world
e hello
history 2
