e: aliased to 'echo'
alias: wsh builtin
which: wsh builtin
path: wsh builtin
cd: wsh builtin
history: wsh builtin
exit: wsh builtin
unalias: wsh builtin
echo: found at /bin/echo
cat: found at /bin/cat
/bin/echo: found at /bin/echo
./notarealfile: not found
notacommand: not found
e: aliased to 'exit'
echo: not found
cat: not found
echo: found at /bin/echo
