XV6_TEST_OUTPUT Hello world!
XV6_TEST_OUTPUT getcwd returned / with return value of 0.
