Alan Turing score: 92.00
Viet Tran score: 91.00
Seth Robertson score: 88.00
Parth Gaggar score: 84.00
Vijay Jain score: 82.00
Barbara Johns score: 81.00
Qin Shi Huang score: 81.00
Chevalier dEon score: 78.00
Ciara Judge score: 78.00
Claudette Colvin score: 78.00
Sarathbabu Elumalai score: 73.00
Eesha Khare score: 72.00
Sophie Healy-Thow score: 69.00
Emer Hickey score: 65.00
Jang Yeong-sil score: nan
