XV6_TEST_OUTPUT before making directory and changing to it.
XV6_TEST_OUTPUT getcwd returned f with return value of 0.
