XV6_TEST_OUTPUT before making directory and changing to it.
XV6_TEST_OUTPUT calling pwd from subdirectory:foobar
