Running test 1...
✅ Test 1 passed (no leaks)
Running test 2...
✅ Test 2 passed (no leaks)
Running test 3...
✅ Test 3 passed (no leaks)
Running test 4...
➡️ Running pre-hook for test 4
✅ Test 4 passed (no leaks)
➡️ Running post-hook for test 4
Running test 5...
➡️ Running pre-hook for test 5
✅ Test 5 passed (no leaks)
➡️ Running post-hook for test 5
Running test 6...
✅ Test 6 passed (no leaks)
Running test 7...
✅ Test 7 passed (no leaks)
Running test 8...
✅ Test 8 passed (no leaks)
Running test 9...
➡️ Running pre-hook for test 9
✅ Test 9 passed (no leaks)
Running test 10...
➡️ Running pre-hook for test 10
✅ Test 10 passed (no leaks)
Running test 11...
➡️ Running pre-hook for test 11
✅ Test 11 passed (no leaks)
➡️ Running post-hook for test 11
Running test 12...
✅ Test 12 passed (no leaks)
Running test 13...
✅ Test 13 passed (no leaks)
All tests passed (no leaks)
