eh = 'echo hello'
hello
eh = 'echo hello'
ew = 'echo world'
world
hello again
e = 'echo'
eh = 'echo hello again'
ew = 'echo world'
e
test
test
