Alan Turing score: 96.00
Seth Robertson score: 89.00
Sarathbabu Elumalai score: 88.25
Viet Tran score: 85.00
Parth Gaggar score: 84.00
Vijay Jain score: 84.00
Ciara Judge score: 82.00
Barbara Johns score: 78.00
Emer Hickey score: 72.50
Eesha Khare score: 70.50
Chevalier dEon score: 0.00
Qin Shi Huang score: 0.00
Claudette Colvin score: nan
Jang Yeong-sil score: nan
Sophie Healy-Thow score: nan
