Viet Tran score: 96.00
Alan Turing score: 95.00
Barbara Johns score: 91.25
Chevalier dEon score: 88.50
Vijay Jain score: 86.50
Seth Robertson score: 86.00
Sarathbabu Elumalai score: 85.00
Parth Gaggar score: 84.00
Ciara Judge score: 83.00
Claudette Colvin score: 83.00
Eesha Khare score: 80.00
Emer Hickey score: 75.00
Jang Yeong-sil score: nan
Qin Shi Huang score: nan
Sophie Healy-Thow score: nan
