Alan Turing score: 94.33
Viet Tran score: 90.67
Seth Robertson score: 87.67
Vijay Jain score: 84.17
Parth Gaggar score: 84.00
Barbara Johns score: 83.42
Sarathbabu Elumalai score: 82.08
Ciara Judge score: 81.00
Claudette Colvin score: 80.50
Eesha Khare score: 74.17
Emer Hickey score: 70.83
Sophie Healy-Thow score: 69.00
Chevalier dEon score: 55.50
Qin Shi Huang score: 40.50
Jang Yeong-sil score: nan
