XV6_TEST: scheduler : STCF
XV6_TEST: workload 1 started
XV6_TEST: workload 1 fin
XV6_TEST: Should be reached after the parent finishes
XV6_TEST: Child fin
