XV6_TEST: scheduler : STCF
XV6_TEST: give_cpu test started
XV6_TEST: child started
XV6_TEST: scheduled to parent
XV6_TEST: child finished
XV6_TEST: give_cpu test fin
