XV6_TEST: scheduler : STCF
XV6_TEST: exec2() test started
XV6_TEST: exec2(0) returned -1
XV6_TEST: exec2(-50) returned -1
XV6_TEST: pid 4 started
XV6_TEST: pid 4 finished
XV6_TEST: exec2() test finished
